GEMMA 0.98.4 (2021-01-29) by Xiang Zhou and team (C) 2012-2021
Reading Files ... 
## number of total individuals = 1000
## number of analyzed individuals = 1000
## number of covariates = 1
## number of phenotypes = 1
## number of total SNPs/var        =    10000
## number of analyzed SNPs         =    10000
Start Eigen-Decomposition...
pve estimate =0.444316
se(pve) =0.132402
                                                   0%=====                                              10%==========                                         20%===============                                    30%====================                               40%=========================                          50%==============================                     60%===================================                70%========================================           80%=============================================      90%================================================== 100%
**** INFO: Done.
